==  Nimbus Step-5 proof  (PostgreSQL 14, live)  ==
  ✓ migration 0001_init_nimbus.sql applied
  ✓ seed 0002_seed_nimbus.sql applied
==  5 queries that answer ACT-1..ACT-5  ==
--- ACT-1 request: is Renata free, and on what? (01_act1_request.sql)
      default_payment_method_id       | default_kind | last4 | open_trips 
--------------------------------------+--------------+-------+------------
 c1000000-0000-4000-8000-000000000001 | CARD         | 4242  |          0
(1 row)

  ✓ 01_act1_request.sql ran
--- ACT-2 dispatch: nearest AVAILABLE drivers (02_act2_dispatch.sql)
                  id                  |  full_name   |  plate  |    vehicle    |   lat   |    lng    
--------------------------------------+--------------+---------+---------------+---------+-----------
 30000000-0000-4000-8000-000000000001 | Marco Driver | 9XYZ456 | Tesla Model 3 | 37.7803 |  -122.412
 20000000-0000-4000-8000-000000000001 | Dara Driver  | 7ABC123 | Toyota Prius  | 37.7749 | -122.4194
(2 rows)

  ✓ 02_act2_dispatch.sql ran
--- ACT-3 complete: trip state + audit timeline (03_act3_complete.sql)
                  id                  | status |              driver_id               | actual_km | actual_minutes | fare_cents |         completed_at          |          updated_at           
--------------------------------------+--------+--------------------------------------+-----------+----------------+------------+-------------------------------+-------------------------------
 f0000000-0000-4000-8000-000000000001 | PAID   | 20000000-0000-4000-8000-000000000001 |         4 |              8 |       1300 | 2026-09-22 12:38:14.564139+01 | 2026-09-23 12:19:14.564139+01
(1 row)

 from_status | to_status | actor  | payload |          created_at           
-------------+-----------+--------+---------+-------------------------------
             | PAID      | SYSTEM | {}      | 2026-09-23 12:19:14.564139+01
(1 row)

  ✓ 03_act3_complete.sql ran
--- ACT-4 settle: full money trail of the trip (04_act4_settle.sql)
            transaction_id            | owner_type |  side  | entry_type | amount_cents | currency |          created_at           
--------------------------------------+------------+--------+------------+--------------+----------+-------------------------------
 90000000-0000-4000-8000-000000000001 | RIDER      | DEBIT  | FARE       |         1300 | USD      | 2026-09-23 12:19:14.564139+01
 90000000-0000-4000-8000-000000000001 | PLATFORM   | CREDIT | FARE       |         1300 | USD      | 2026-09-23 12:19:14.564139+01
 90000000-0000-4000-8000-000000000002 | PLATFORM   | DEBIT  | FARE       |         1040 | USD      | 2026-09-23 12:19:14.564139+01
 90000000-0000-4000-8000-000000000002 | DRIVER     | CREDIT | FARE       |         1040 | USD      | 2026-09-23 12:19:14.564139+01
 90000000-0000-4000-8000-000000000003 | PLATFORM   | DEBIT  | COMMISSION |          260 | USD      | 2026-09-23 12:19:14.564139+01
 90000000-0000-4000-8000-000000000003 | PLATFORM   | CREDIT | COMMISSION |          260 | USD      | 2026-09-23 12:19:14.564139+01
(6 rows)

 payments | captured 
----------+----------
        1 |        1
(1 row)

  ✓ 04_act4_settle.sql ran
--- ACT-5 cancel: window + fee for the trip (05_act5_cancel.sql)
                  id                  | status |              driver_id               | cancellation_fee_cents | cancel_window | fee_if_cancelled_cents 
--------------------------------------+--------+--------------------------------------+------------------------+---------------+------------------------
 f0000000-0000-4000-8000-000000000001 | PAID   | 20000000-0000-4000-8000-000000000001 |                      0 | closed        |                      0
(1 row)

  ✓ 05_act5_cancel.sql ran
==  EXPLAIN the two heaviest queries — indexes must be used  ==
 Limit  (cost=98.11..98.12 rows=3 width=136)
   ->  Sort  (cost=98.11..98.13 rows=6 width=136)
         Sort Key: ((abs((dl.lat - '37.772'::double precision)) + abs((dl.lng - '-122.408'::double precision))))
         ->  Nested Loop Left Join  (cost=6.24..98.04 rows=6 width=136)
               ->  Nested Loop Left Join  (cost=6.08..73.07 rows=5 width=144)
                     ->  Nested Loop  (cost=4.32..37.50 rows=5 width=48)
                           ->  Bitmap Heap Scan on drivers d  (cost=4.17..12.64 rows=5 width=16)
                                 Recheck Cond: (status = 'AVAILABLE'::driver_status_t)
                                 ->  Bitmap Index Scan on idx_drivers_available  (cost=0.00..4.17 rows=5 width=0)
                           ->  Index Scan using users_pkey on users u  (cost=0.15..4.97 rows=1 width=48)
                                 Index Cond: (id = d.id)
                     ->  Bitmap Heap Scan on vehicles v  (cost=1.76..7.10 rows=1 width=112)
                           Recheck Cond: (driver_id = d.id)
                           Filter: (is_active AND (deleted_at IS NULL))
                           ->  Bitmap Index Scan on idx_vehicles_driver  (cost=0.00..1.76 rows=2 width=0)
                                 Index Cond: (driver_id = d.id)
               ->  Index Scan using driver_locations_pkey on driver_locations dl  (cost=0.15..4.97 rows=1 width=32)
                     Index Cond: (driver_id = d.id)

 Sort  (cost=25.87..25.88 rows=2 width=100)
   Sort Key: e.created_at
   ->  Nested Loop  (cost=4.31..25.86 rows=2 width=100)
         ->  Bitmap Heap Scan on ledger_entries e  (cost=4.16..9.50 rows=2 width=112)
               Recheck Cond: (trip_id = 'f0000000-0000-4000-8000-000000000001'::uuid)
               ->  Bitmap Index Scan on idx_ledger_entries_trip  (cost=0.00..4.16 rows=2 width=0)
                     Index Cond: (trip_id = 'f0000000-0000-4000-8000-000000000001'::uuid)
         ->  Index Scan using ledger_accounts_pkey on ledger_accounts a  (cost=0.15..8.17 rows=1 width=20)
               Index Cond: (id = e.account_id)
  ✓ ACT-2 dispatch plan uses idx_drivers_available
  ✓ ACT-4 settle plan uses idx_ledger_entries_trip
==  three invalid states — the database rejects each  ==
psql:queries/invalid_states.sql:47: ERROR:  duplicate key value violates unique constraint "uq_trips_one_active_per_rider"
DETAIL:  Key (rider_id)=(10000000-0000-4000-8000-000000000001) already exists.
psql:queries/invalid_states.sql:56: ERROR:  TRP-02 illegal trip transition: REQUESTED -> ON_TRIP
CONTEXT:  PL/pgSQL function trip_transition_guard() line 8 at RAISE
psql:queries/invalid_states.sql:72: ERROR:  new row for relation "trips" violates check constraint "trips_cancel_fee_only_when_cancelled"
DETAIL:  Failing row contains (f0000000-0000-4000-8000-000000000005, 40000000-0000-4000-8000-000000000001, null, REQUESTED, null, 37.775, -122.415, 37.787, -122.401, b1000000-0000-4000-8000-000000000001, USD, 250, 80, 30, 150, 5, 10, 1500, null, null, null, 500, null, null, null, null, 2026-09-23 12:19:14.946269+01, null, null, 2026-09-23 12:19:14.946269+01).
  ✓ IND-1  second active trip for one rider rejected (partial unique index)
  ✓ IND-2  REQUESTED -> ON_TRIP rejected (transition-guard trigger)
  ✓ IND-3  fee on a non-cancelled trip rejected (CHECK constraint)
RESULT: Step-5 proof complete — all assertions green.
